../amazon-freertos/FreeRTOS/portable/heap_4.c:113:7:pvPortMalloc	32	static
../amazon-freertos/FreeRTOS/portable/heap_4.c:263:6:vPortFree	24	static
../amazon-freertos/FreeRTOS/portable/heap_4.c:311:8:xPortGetFreeHeapSize	8	static
../amazon-freertos/FreeRTOS/portable/heap_4.c:317:8:xPortGetMinimumEverFreeHeapSize	8	static
../amazon-freertos/FreeRTOS/portable/heap_4.c:323:6:vPortInitialiseBlocks	8	static
../amazon-freertos/FreeRTOS/portable/heap_4.c:329:13:prvHeapInit	24	static
../amazon-freertos/FreeRTOS/portable/heap_4.c:377:13:prvInsertBlockIntoFreeList	24	static
