../amazon-freertos/FreeRTOS/portable/port.c:87:14:pxPortInitialiseStack	24	static
../amazon-freertos/FreeRTOS/portable/port.c:105:13:prvTaskExitError	16	static
../amazon-freertos/FreeRTOS/portable/port.c:130:6:SVC_Handler	8	static
../amazon-freertos/FreeRTOS/portable/port.c:137:6:vPortStartFirstTask	0	static
../amazon-freertos/FreeRTOS/portable/port.c:168:12:xPortStartScheduler	8	static
../amazon-freertos/FreeRTOS/portable/port.c:198:6:vPortEndScheduler	8	static
../amazon-freertos/FreeRTOS/portable/port.c:206:6:vPortYield	8	static
../amazon-freertos/FreeRTOS/portable/port.c:218:6:vPortEnterCritical	8	static
../amazon-freertos/FreeRTOS/portable/port.c:227:6:vPortExitCritical	8	static
../amazon-freertos/FreeRTOS/portable/port.c:238:10:ulSetInterruptMaskFromISR	0	static
../amazon-freertos/FreeRTOS/portable/port.c:256:6:vClearInterruptMaskFromISR	0	static
../amazon-freertos/FreeRTOS/portable/port.c:273:6:PendSV_Handler	0	static
../amazon-freertos/FreeRTOS/portable/port.c:322:6:SysTick_Handler	16	static
