../amazon-freertos/FreeRTOS/timers.c:223:12:xTimerCreateTimerTask	24	static
../amazon-freertos/FreeRTOS/timers.c:278:16:xTimerCreate	48	static
../amazon-freertos/FreeRTOS/timers.c:352:13:prvInitialiseNewTimer	24	static
../amazon-freertos/FreeRTOS/timers.c:381:12:xTimerGenericCommand	56	static
../amazon-freertos/FreeRTOS/timers.c:424:14:xTimerGetTimerDaemonTaskHandle	8	static
../amazon-freertos/FreeRTOS/timers.c:433:12:xTimerGetPeriod	24	static
../amazon-freertos/FreeRTOS/timers.c:442:12:xTimerGetExpiryTime	24	static
../amazon-freertos/FreeRTOS/timers.c:453:14:pcTimerGetName	24	static
../amazon-freertos/FreeRTOS/timers.c:462:13:prvProcessExpiredTimer	32	static
../amazon-freertos/FreeRTOS/timers.c:502:13:prvTimerTask	24	static
../amazon-freertos/FreeRTOS/timers.c:538:13:prvProcessTimerOrBlockTask	24	static
../amazon-freertos/FreeRTOS/timers.c:598:19:prvGetNextExpireTime	24	static
../amazon-freertos/FreeRTOS/timers.c:624:19:prvSampleTimeNow	24	static
../amazon-freertos/FreeRTOS/timers.c:647:19:prvInsertTimerInActiveList	32	static
../amazon-freertos/FreeRTOS/timers.c:688:13:prvProcessReceivedCommands	64	static
../amazon-freertos/FreeRTOS/timers.c:835:13:prvSwitchTimerLists	40	static
../amazon-freertos/FreeRTOS/timers.c:894:13:prvCheckForValidListAndQueue	8	static
../amazon-freertos/FreeRTOS/timers.c:945:12:xTimerIsTimerActive	24	static
../amazon-freertos/FreeRTOS/timers.c:966:7:pvTimerGetTimerID	24	static
../amazon-freertos/FreeRTOS/timers.c:983:6:vTimerSetTimerID	24	static
../amazon-freertos/FreeRTOS/timers.c:999:13:xTimerPendFunctionCallFromISR	48	static
../amazon-freertos/FreeRTOS/timers.c:1023:13:xTimerPendFunctionCall	48	static
../amazon-freertos/FreeRTOS/timers.c:1052:14:uxTimerGetTimerNumber	16	static
../amazon-freertos/FreeRTOS/timers.c:1062:7:vTimerSetTimerNumber	16	static
