C:\Users\Nitro Tiger\Documents\MCUXpressoIDE_11.9.1_2170\workspace\MockOfficial\CMSIS/core_cm0plus.h:733:22:__NVIC_EnableIRQ	16	static
../source/MOCK_Driver.c:23:6:Port_Innit	24	static
../source/MOCK_Driver.c:82:6:GPIO_Innit	16	static
../source/MOCK_Driver.c:96:6:PORTC_PORTD_IRQHandler	8	static
../source/MOCK_Driver.c:113:6:Innit_Button_SW3	48	static
../source/MOCK_Driver.c:145:6:UART_Initialize	16	static
../source/MOCK_Driver.c:194:6:UART_SendChar	16	static
../source/MOCK_Driver.c:203:6:UART_TransmitString	32	static
../source/MOCK_Driver.c:209:6:UART0_IRQHandler	16	static
../source/MOCK_Driver.c:219:6:Queue_Enqueue	24	static
../source/MOCK_Driver.c:229:6:Queue_Dequeue	16	static
../source/MOCK_Driver.c:241:9:char_to_hex	16	static
../source/MOCK_Driver.c:251:9:StrtoHex	40	static
../source/MOCK_Driver.c:263:9:calculate_checksum	32	static
../source/MOCK_Driver.c:273:14:ReadCheckLine	96	dynamic
../source/MOCK_Driver.c:359:7:parse_srec	24	static
../source/MOCK_Driver.c:378:6:Program_Flash	64	static
../source/MOCK_Driver.c:405:6:Process_SREC	24	static
../source/MOCK_Driver.c:416:6:Program_LongWord_Command	16	static
../source/MOCK_Driver.c:442:6:Erase_Flash_Sector	16	static
../source/MOCK_Driver.c:463:6:Set_Priority	32	static
../source/MOCK_Driver.c:472:6:Jump_to_Firmware	16	static
../source/MOCK_Driver.c:487:6:rxBufferContainsEOF	24	static
../source/MOCK_Driver.c:498:6:on_data_write_complete	8	static
